mode: set
github.com/RobMil91/free-orgx/internal/adapters/mocks/ram.go:29.65,31.28 2 1
github.com/RobMil91/free-orgx/internal/adapters/mocks/ram.go:31.28,33.3 1 1
github.com/RobMil91/free-orgx/internal/adapters/mocks/ram.go:34.2,34.19 1 1
github.com/RobMil91/free-orgx/internal/adapters/mocks/ram.go:38.90,40.9 2 1
github.com/RobMil91/free-orgx/internal/adapters/mocks/ram.go:40.9,42.3 1 1
github.com/RobMil91/free-orgx/internal/adapters/mocks/ram.go:43.2,45.12 3 1
github.com/RobMil91/free-orgx/internal/adapters/mocks/ram.go:49.78,50.20 1 1
github.com/RobMil91/free-orgx/internal/adapters/mocks/ram.go:50.20,52.3 1 1
github.com/RobMil91/free-orgx/internal/adapters/mocks/ram.go:53.2,58.12 2 1
github.com/RobMil91/free-orgx/internal/adapters/mocks/ram.go:62.62,65.2 2 1
github.com/RobMil91/free-orgx/internal/adapters/mocks/ram.go:68.62,69.32 1 1
github.com/RobMil91/free-orgx/internal/adapters/mocks/ram.go:69.32,72.3 2 1
github.com/RobMil91/free-orgx/internal/adapters/mocks/ram.go:73.2,73.12 1 1
github.com/RobMil91/free-orgx/internal/adapters/mocks/ram.go:77.66,78.28 1 1
github.com/RobMil91/free-orgx/internal/adapters/mocks/ram.go:78.28,79.32 1 1
github.com/RobMil91/free-orgx/internal/adapters/mocks/ram.go:79.32,81.4 1 1
github.com/RobMil91/free-orgx/internal/adapters/mocks/ram.go:83.2,83.32 1 1
github.com/RobMil91/free-orgx/internal/adapters/mocks/ram.go:87.61,89.28 2 1
github.com/RobMil91/free-orgx/internal/adapters/mocks/ram.go:89.28,90.32 1 1
github.com/RobMil91/free-orgx/internal/adapters/mocks/ram.go:90.32,92.4 1 1
github.com/RobMil91/free-orgx/internal/adapters/mocks/ram.go:94.2,94.19 1 1
github.com/RobMil91/free-orgx/internal/adapters/mocks/ram.go:98.94,106.23 3 1
github.com/RobMil91/free-orgx/internal/adapters/mocks/ram.go:106.23,108.3 1 1
github.com/RobMil91/free-orgx/internal/adapters/mocks/ram.go:109.2,110.21 2 1
github.com/RobMil91/free-orgx/internal/adapters/mocks/ram.go:114.95,115.23 1 1
github.com/RobMil91/free-orgx/internal/adapters/mocks/ram.go:115.23,117.3 1 1
github.com/RobMil91/free-orgx/internal/adapters/mocks/ram.go:118.2,119.9 2 1
github.com/RobMil91/free-orgx/internal/adapters/mocks/ram.go:119.9,121.3 1 0
github.com/RobMil91/free-orgx/internal/adapters/mocks/ram.go:122.2,122.22 1 1
github.com/RobMil91/free-orgx/internal/adapters/mocks/ram.go:126.67,127.42 1 1
github.com/RobMil91/free-orgx/internal/adapters/mocks/ram.go:127.42,128.30 1 1
github.com/RobMil91/free-orgx/internal/adapters/mocks/ram.go:128.30,129.18 1 1
github.com/RobMil91/free-orgx/internal/adapters/mocks/ram.go:129.18,132.5 2 1
github.com/RobMil91/free-orgx/internal/adapters/mocks/ram.go:135.2,135.40 1 1
github.com/RobMil91/free-orgx/internal/adapters/mocks/ram.go:138.100,139.20 1 1
github.com/RobMil91/free-orgx/internal/adapters/mocks/ram.go:139.20,141.3 1 1
github.com/RobMil91/free-orgx/internal/adapters/mocks/ram.go:143.2,145.9 2 1
github.com/RobMil91/free-orgx/internal/adapters/mocks/ram.go:145.9,147.17 2 1
github.com/RobMil91/free-orgx/internal/adapters/mocks/ram.go:147.17,149.4 1 1
github.com/RobMil91/free-orgx/internal/adapters/mocks/ram.go:150.3,150.51 1 1
github.com/RobMil91/free-orgx/internal/adapters/mocks/ram.go:153.2,153.28 1 1
github.com/RobMil91/free-orgx/internal/adapters/mocks/ram.go:153.28,155.3 1 1
github.com/RobMil91/free-orgx/internal/adapters/mocks/ram.go:157.2,158.16 2 1
github.com/RobMil91/free-orgx/internal/adapters/mocks/ram.go:158.16,160.3 1 0
github.com/RobMil91/free-orgx/internal/adapters/mocks/ram.go:162.2,170.8 4 1
github.com/RobMil91/free-orgx/internal/adapters/mocks/ram.go:173.106,192.2 4 1
github.com/RobMil91/free-orgx/internal/adapters/mocks/ram.go:195.60,196.20 1 1
github.com/RobMil91/free-orgx/internal/adapters/mocks/ram.go:196.20,198.3 1 1
github.com/RobMil91/free-orgx/internal/adapters/mocks/ram.go:199.2,199.26 1 1
github.com/RobMil91/free-orgx/internal/adapters/mocks/ram.go:203.80,204.28 1 1
github.com/RobMil91/free-orgx/internal/adapters/mocks/ram.go:204.28,207.68 2 1
github.com/RobMil91/free-orgx/internal/adapters/mocks/ram.go:207.68,209.4 1 1
github.com/RobMil91/free-orgx/internal/adapters/mocks/ram.go:212.2,212.58 1 1
github.com/RobMil91/free-orgx/internal/adapters/mocks/ram.go:216.49,219.16 3 1
github.com/RobMil91/free-orgx/internal/adapters/mocks/ram.go:219.16,221.3 1 0
github.com/RobMil91/free-orgx/internal/adapters/mocks/ram.go:223.2,224.22 2 1
github.com/RobMil91/free-orgx/main.go:22.80,23.54 1 1
github.com/RobMil91/free-orgx/main.go:23.54,27.3 3 1
github.com/RobMil91/free-orgx/main.go:30.100,31.54 1 1
github.com/RobMil91/free-orgx/main.go:31.54,35.17 3 1
github.com/RobMil91/free-orgx/main.go:35.17,38.4 2 1
github.com/RobMil91/free-orgx/main.go:40.3,41.17 2 1
github.com/RobMil91/free-orgx/main.go:41.17,44.4 2 1
github.com/RobMil91/free-orgx/main.go:46.3,46.59 1 1
github.com/RobMil91/free-orgx/main.go:46.59,50.4 3 1
github.com/RobMil91/free-orgx/main.go:52.3,58.45 2 1
github.com/RobMil91/free-orgx/main.go:62.132,63.54 1 1
github.com/RobMil91/free-orgx/main.go:63.54,66.17 3 1
github.com/RobMil91/free-orgx/main.go:66.17,69.4 2 1
github.com/RobMil91/free-orgx/main.go:71.3,72.17 2 1
github.com/RobMil91/free-orgx/main.go:72.17,75.4 2 1
github.com/RobMil91/free-orgx/main.go:77.3,78.17 2 1
github.com/RobMil91/free-orgx/main.go:78.17,81.4 2 1
github.com/RobMil91/free-orgx/main.go:83.3,93.5 3 1
github.com/RobMil91/free-orgx/main.go:100.48,101.54 1 1
github.com/RobMil91/free-orgx/main.go:101.54,106.17 4 1
github.com/RobMil91/free-orgx/main.go:106.17,109.4 2 1
github.com/RobMil91/free-orgx/main.go:111.3,118.23 2 1
github.com/RobMil91/free-orgx/main.go:118.23,122.4 3 1
github.com/RobMil91/free-orgx/main.go:124.3,124.39 1 1
github.com/RobMil91/free-orgx/main.go:128.144,129.54 1 1
github.com/RobMil91/free-orgx/main.go:129.54,133.17 3 1
github.com/RobMil91/free-orgx/main.go:133.17,136.4 2 1
github.com/RobMil91/free-orgx/main.go:138.3,139.17 2 1
github.com/RobMil91/free-orgx/main.go:139.17,142.4 2 1
github.com/RobMil91/free-orgx/main.go:144.3,145.24 2 1
github.com/RobMil91/free-orgx/main.go:145.24,148.4 2 1
github.com/RobMil91/free-orgx/main.go:150.3,151.17 2 1
github.com/RobMil91/free-orgx/main.go:151.17,155.4 3 1
github.com/RobMil91/free-orgx/main.go:157.3,157.89 1 1
github.com/RobMil91/free-orgx/main.go:161.104,162.54 1 1
github.com/RobMil91/free-orgx/main.go:162.54,166.17 3 1
github.com/RobMil91/free-orgx/main.go:166.17,169.4 2 1
github.com/RobMil91/free-orgx/main.go:171.3,172.17 2 1
github.com/RobMil91/free-orgx/main.go:172.17,175.4 2 1
github.com/RobMil91/free-orgx/main.go:177.3,177.35 1 1
github.com/RobMil91/free-orgx/main.go:177.35,180.4 2 1
github.com/RobMil91/free-orgx/main.go:182.3,183.17 2 1
github.com/RobMil91/free-orgx/main.go:183.17,186.4 2 1
github.com/RobMil91/free-orgx/main.go:188.3,193.5 2 1
github.com/RobMil91/free-orgx/main.go:197.109,198.54 1 1
github.com/RobMil91/free-orgx/main.go:198.54,202.17 3 1
github.com/RobMil91/free-orgx/main.go:202.17,205.4 2 1
github.com/RobMil91/free-orgx/main.go:207.3,208.17 2 1
github.com/RobMil91/free-orgx/main.go:208.17,211.4 2 1
github.com/RobMil91/free-orgx/main.go:213.3,213.35 1 1
github.com/RobMil91/free-orgx/main.go:213.35,216.4 2 1
github.com/RobMil91/free-orgx/main.go:218.3,221.39 3 1
github.com/RobMil91/free-orgx/main.go:221.39,224.4 2 1
github.com/RobMil91/free-orgx/main.go:226.3,227.17 2 1
github.com/RobMil91/free-orgx/main.go:227.17,231.4 3 1
github.com/RobMil91/free-orgx/main.go:233.3,234.75 2 1
github.com/RobMil91/free-orgx/main.go:238.13,245.17 5 0
github.com/RobMil91/free-orgx/main.go:245.17,247.3 1 0
github.com/RobMil91/free-orgx/main.go:249.2,249.22 1 0
github.com/RobMil91/free-orgx/main.go:249.22,251.3 1 0
github.com/RobMil91/free-orgx/main.go:253.2,254.16 2 0
github.com/RobMil91/free-orgx/main.go:254.16,255.13 1 0
github.com/RobMil91/free-orgx/main.go:258.2,259.39 2 0
github.com/RobMil91/free-orgx/main.go:259.39,261.3 1 0
github.com/RobMil91/free-orgx/main.go:263.2,278.46 12 0
github.com/RobMil91/free-orgx/internal/adapters/database/sqLite.go:28.75,30.16 2 1
github.com/RobMil91/free-orgx/internal/adapters/database/sqLite.go:30.16,32.3 1 1
github.com/RobMil91/free-orgx/internal/adapters/database/sqLite.go:34.2,38.18 3 1
github.com/RobMil91/free-orgx/internal/adapters/database/sqLite.go:38.18,40.60 2 1
github.com/RobMil91/free-orgx/internal/adapters/database/sqLite.go:40.60,42.4 1 0
github.com/RobMil91/free-orgx/internal/adapters/database/sqLite.go:44.3,44.27 1 1
github.com/RobMil91/free-orgx/internal/adapters/database/sqLite.go:47.2,47.19 1 1
github.com/RobMil91/free-orgx/internal/adapters/database/sqLite.go:50.42,52.2 1 1
github.com/RobMil91/free-orgx/internal/adapters/database/sqLite.go:54.60,56.2 1 1
github.com/RobMil91/free-orgx/internal/adapters/database/sqLite.go:58.65,60.16 2 1
github.com/RobMil91/free-orgx/internal/adapters/database/sqLite.go:60.16,62.3 1 0
github.com/RobMil91/free-orgx/internal/adapters/database/sqLite.go:64.2,69.16 3 1
github.com/RobMil91/free-orgx/internal/adapters/database/sqLite.go:69.16,71.3 1 1
github.com/RobMil91/free-orgx/internal/adapters/database/sqLite.go:73.2,73.21 1 1
github.com/RobMil91/free-orgx/internal/adapters/database/sqLite.go:76.46,88.16 3 1
github.com/RobMil91/free-orgx/internal/adapters/database/sqLite.go:88.16,90.3 1 1
github.com/RobMil91/free-orgx/internal/adapters/database/sqLite.go:92.2,101.16 3 1
github.com/RobMil91/free-orgx/internal/adapters/database/sqLite.go:101.16,103.3 1 0
github.com/RobMil91/free-orgx/internal/adapters/database/sqLite.go:105.2,105.12 1 1
github.com/RobMil91/free-orgx/internal/adapters/database/sqLite.go:109.100,111.18 2 1
github.com/RobMil91/free-orgx/internal/adapters/database/sqLite.go:111.18,114.3 2 1
github.com/RobMil91/free-orgx/internal/adapters/database/sqLite.go:116.2,118.16 3 1
github.com/RobMil91/free-orgx/internal/adapters/database/sqLite.go:118.16,121.3 2 0
github.com/RobMil91/free-orgx/internal/adapters/database/sqLite.go:123.2,124.16 2 1
github.com/RobMil91/free-orgx/internal/adapters/database/sqLite.go:124.16,127.3 2 1
github.com/RobMil91/free-orgx/internal/adapters/database/sqLite.go:129.2,130.23 2 1
github.com/RobMil91/free-orgx/internal/adapters/database/sqLite.go:130.23,132.3 1 1
github.com/RobMil91/free-orgx/internal/adapters/database/sqLite.go:134.2,134.12 1 1
github.com/RobMil91/free-orgx/internal/adapters/database/sqLite.go:138.102,139.55 1 1
github.com/RobMil91/free-orgx/internal/adapters/database/sqLite.go:139.55,141.3 1 1
github.com/RobMil91/free-orgx/internal/adapters/database/sqLite.go:143.2,143.29 1 1
github.com/RobMil91/free-orgx/internal/adapters/database/sqLite.go:143.29,145.17 2 1
github.com/RobMil91/free-orgx/internal/adapters/database/sqLite.go:145.17,147.4 1 0
github.com/RobMil91/free-orgx/internal/adapters/database/sqLite.go:148.3,148.16 1 1
github.com/RobMil91/free-orgx/internal/adapters/database/sqLite.go:148.16,150.4 1 1
github.com/RobMil91/free-orgx/internal/adapters/database/sqLite.go:153.2,154.18 2 1
github.com/RobMil91/free-orgx/internal/adapters/database/sqLite.go:154.18,157.3 2 1
github.com/RobMil91/free-orgx/internal/adapters/database/sqLite.go:159.2,162.16 3 1
github.com/RobMil91/free-orgx/internal/adapters/database/sqLite.go:162.16,165.3 2 0
github.com/RobMil91/free-orgx/internal/adapters/database/sqLite.go:167.2,171.16 2 1
github.com/RobMil91/free-orgx/internal/adapters/database/sqLite.go:171.16,174.3 2 1
github.com/RobMil91/free-orgx/internal/adapters/database/sqLite.go:176.2,179.16 3 1
github.com/RobMil91/free-orgx/internal/adapters/database/sqLite.go:179.16,182.3 2 1
github.com/RobMil91/free-orgx/internal/adapters/database/sqLite.go:184.2,184.12 1 1
github.com/RobMil91/free-orgx/internal/adapters/database/sqLite.go:188.76,191.16 3 1
github.com/RobMil91/free-orgx/internal/adapters/database/sqLite.go:191.16,192.36 1 1
github.com/RobMil91/free-orgx/internal/adapters/database/sqLite.go:192.36,194.4 1 1
github.com/RobMil91/free-orgx/internal/adapters/database/sqLite.go:195.3,195.18 1 1
github.com/RobMil91/free-orgx/internal/adapters/database/sqLite.go:197.2,197.19 1 1
github.com/RobMil91/free-orgx/internal/adapters/database/sqLite.go:201.71,204.16 3 1
github.com/RobMil91/free-orgx/internal/adapters/database/sqLite.go:204.16,206.3 1 1
github.com/RobMil91/free-orgx/internal/adapters/database/sqLite.go:207.2,207.19 1 1
github.com/RobMil91/free-orgx/internal/adapters/database/sqLite.go:211.72,213.16 2 1
github.com/RobMil91/free-orgx/internal/adapters/database/sqLite.go:213.16,216.3 2 1
github.com/RobMil91/free-orgx/internal/adapters/database/sqLite.go:218.2,218.12 1 1
github.com/RobMil91/free-orgx/internal/adapters/database/sqLite.go:222.72,224.16 2 1
github.com/RobMil91/free-orgx/internal/adapters/database/sqLite.go:224.16,227.3 2 1
github.com/RobMil91/free-orgx/internal/adapters/database/sqLite.go:228.2,228.12 1 1
github.com/RobMil91/free-orgx/internal/adapters/database/sqLite.go:232.117,234.18 2 1
github.com/RobMil91/free-orgx/internal/adapters/database/sqLite.go:234.18,237.3 2 1
github.com/RobMil91/free-orgx/internal/adapters/database/sqLite.go:239.2,244.16 6 1
github.com/RobMil91/free-orgx/internal/adapters/database/sqLite.go:244.16,245.36 1 1
github.com/RobMil91/free-orgx/internal/adapters/database/sqLite.go:245.36,247.23 2 1
github.com/RobMil91/free-orgx/internal/adapters/database/sqLite.go:247.23,249.5 1 0
github.com/RobMil91/free-orgx/internal/adapters/database/sqLite.go:250.4,250.22 1 1
github.com/RobMil91/free-orgx/internal/adapters/database/sqLite.go:250.22,252.5 1 1
github.com/RobMil91/free-orgx/internal/adapters/database/sqLite.go:253.4,253.52 1 1
github.com/RobMil91/free-orgx/internal/adapters/database/sqLite.go:255.3,255.75 1 1
github.com/RobMil91/free-orgx/internal/adapters/database/sqLite.go:258.2,259.94 2 1
github.com/RobMil91/free-orgx/internal/adapters/database/sqLite.go:259.94,261.3 1 1
github.com/RobMil91/free-orgx/internal/adapters/database/sqLite.go:263.2,264.16 2 1
github.com/RobMil91/free-orgx/internal/adapters/database/sqLite.go:264.16,267.3 2 0
github.com/RobMil91/free-orgx/internal/adapters/database/sqLite.go:269.2,270.16 2 1
github.com/RobMil91/free-orgx/internal/adapters/database/sqLite.go:270.16,273.3 2 0
github.com/RobMil91/free-orgx/internal/adapters/database/sqLite.go:275.2,286.8 1 1
github.com/RobMil91/free-orgx/internal/adapters/database/sqLite.go:289.124,292.16 3 1
github.com/RobMil91/free-orgx/internal/adapters/database/sqLite.go:292.16,295.3 2 0
github.com/RobMil91/free-orgx/internal/adapters/database/sqLite.go:297.2,298.16 2 1
github.com/RobMil91/free-orgx/internal/adapters/database/sqLite.go:298.16,301.3 2 0
github.com/RobMil91/free-orgx/internal/adapters/database/sqLite.go:303.2,307.16 2 1
github.com/RobMil91/free-orgx/internal/adapters/database/sqLite.go:307.16,310.3 2 0
github.com/RobMil91/free-orgx/internal/adapters/database/sqLite.go:312.2,327.8 3 1
github.com/RobMil91/free-orgx/internal/adapters/database/sqLite.go:331.70,334.16 3 1
github.com/RobMil91/free-orgx/internal/adapters/database/sqLite.go:334.16,336.3 1 1
github.com/RobMil91/free-orgx/internal/adapters/database/sqLite.go:337.2,337.19 1 1
github.com/RobMil91/free-orgx/internal/adapters/database/sqLite.go:341.85,346.16 5 1
github.com/RobMil91/free-orgx/internal/adapters/database/sqLite.go:346.16,347.36 1 1
github.com/RobMil91/free-orgx/internal/adapters/database/sqLite.go:347.36,349.4 1 1
github.com/RobMil91/free-orgx/internal/adapters/database/sqLite.go:350.3,351.34 2 1
github.com/RobMil91/free-orgx/internal/adapters/database/sqLite.go:354.2,355.38 2 1
github.com/RobMil91/free-orgx/internal/adapters/database/sqLite.go:355.38,357.3 1 1
github.com/RobMil91/free-orgx/internal/adapters/database/sqLite.go:359.2,359.19 1 1
github.com/RobMil91/free-orgx/internal/adapters/database/sqLite.go:363.104,365.16 2 1
github.com/RobMil91/free-orgx/internal/adapters/database/sqLite.go:365.16,368.3 2 0
github.com/RobMil91/free-orgx/internal/adapters/database/sqLite.go:370.2,373.16 3 1
github.com/RobMil91/free-orgx/internal/adapters/database/sqLite.go:373.16,376.3 2 1
github.com/RobMil91/free-orgx/internal/adapters/database/sqLite.go:377.2,380.16 3 1
github.com/RobMil91/free-orgx/internal/adapters/database/sqLite.go:380.16,383.3 2 0
github.com/RobMil91/free-orgx/internal/adapters/database/sqLite.go:385.2,390.8 1 1
github.com/RobMil91/free-orgx/internal/adapters/database/sqLite.go:394.105,396.16 2 1
github.com/RobMil91/free-orgx/internal/adapters/database/sqLite.go:396.16,399.3 2 1
github.com/RobMil91/free-orgx/internal/adapters/database/sqLite.go:400.2,403.18 3 1
github.com/RobMil91/free-orgx/internal/adapters/database/sqLite.go:403.18,405.73 2 1
github.com/RobMil91/free-orgx/internal/adapters/database/sqLite.go:405.73,407.4 1 0
github.com/RobMil91/free-orgx/internal/adapters/database/sqLite.go:408.3,408.33 1 1
github.com/RobMil91/free-orgx/internal/adapters/database/sqLite.go:411.2,411.21 1 1
github.com/RobMil91/free-orgx/internal/adapters/database/sqLite.go:411.21,413.3 1 1
github.com/RobMil91/free-orgx/internal/adapters/database/sqLite.go:415.2,415.22 1 1
github.com/RobMil91/free-orgx/internal/adapters/database/sqLite.go:419.77,421.16 2 1
github.com/RobMil91/free-orgx/internal/adapters/database/sqLite.go:421.16,424.3 2 1
github.com/RobMil91/free-orgx/internal/adapters/database/sqLite.go:426.2,427.23 2 1
github.com/RobMil91/free-orgx/internal/adapters/database/sqLite.go:427.23,429.3 1 1
github.com/RobMil91/free-orgx/internal/adapters/database/sqLite.go:431.2,431.12 1 1
github.com/RobMil91/free-orgx/internal/adapters/database/sqLite.go:434.49,437.16 3 1
github.com/RobMil91/free-orgx/internal/adapters/database/sqLite.go:437.16,439.3 1 0
github.com/RobMil91/free-orgx/internal/adapters/database/sqLite.go:440.2,441.22 2 1
github.com/RobMil91/free-orgx/internal/adapters/database/sqLite.go:444.33,446.2 1 1
github.com/RobMil91/free-orgx/internal/setup/setup.go:17.50,23.15 2 1
github.com/RobMil91/free-orgx/internal/setup/setup.go:23.15,38.3 4 1
github.com/RobMil91/free-orgx/internal/setup/setup.go:38.8,40.17 2 1
github.com/RobMil91/free-orgx/internal/setup/setup.go:40.17,42.4 1 0
github.com/RobMil91/free-orgx/internal/setup/setup.go:44.3,47.61 3 1
github.com/RobMil91/free-orgx/internal/setup/setup.go:50.2,53.8 1 1
